// Jest Snapshot v1, https://goo.gl/fbAQLP

exports[`utils Float32ToHex Integers 1`] = `
Array [
  "0:00000000",
  "1:3F800000",
  "2:40000000",
  "3:40400000",
  "4:40800000",
  "5:40A00000",
  "6:40C00000",
  "7:40E00000",
  "8:41000000",
  "9:41100000",
  "10:41200000",
  "11:41300000",
  "12:41400000",
  "13:41500000",
  "14:41600000",
  "15:41700000",
  "16:41800000",
  "17:41880000",
  "18:41900000",
  "19:41980000",
  "20:41A00000",
  "21:41A80000",
  "22:41B00000",
  "23:41B80000",
  "24:41C00000",
  "25:41C80000",
  "26:41D00000",
  "27:41D80000",
  "28:41E00000",
  "29:41E80000",
  "30:41F00000",
  "31:41F80000",
  "32:42000000",
  "33:42040000",
  "34:42080000",
  "35:420C0000",
  "36:42100000",
  "37:42140000",
  "38:42180000",
  "39:421C0000",
  "40:42200000",
  "41:42240000",
  "42:42280000",
  "43:422C0000",
  "44:42300000",
  "45:42340000",
  "46:42380000",
  "47:423C0000",
  "48:42400000",
  "49:42440000",
  "50:42480000",
  "51:424C0000",
  "52:42500000",
  "53:42540000",
  "54:42580000",
  "55:425C0000",
  "56:42600000",
  "57:42640000",
  "58:42680000",
  "59:426C0000",
  "60:42700000",
  "61:42740000",
  "62:42780000",
  "63:427C0000",
  "64:42800000",
  "65:42820000",
  "66:42840000",
  "67:42860000",
  "68:42880000",
  "69:428A0000",
  "70:428C0000",
  "71:428E0000",
  "72:42900000",
  "73:42920000",
  "74:42940000",
  "75:42960000",
  "76:42980000",
  "77:429A0000",
  "78:429C0000",
  "79:429E0000",
  "80:42A00000",
  "81:42A20000",
  "82:42A40000",
  "83:42A60000",
  "84:42A80000",
  "85:42AA0000",
  "86:42AC0000",
  "87:42AE0000",
  "88:42B00000",
  "89:42B20000",
  "90:42B40000",
  "91:42B60000",
  "92:42B80000",
  "93:42BA0000",
  "94:42BC0000",
  "95:42BE0000",
  "96:42C00000",
  "97:42C20000",
  "98:42C40000",
  "99:42C60000",
]
`;
