// Jest Snapshot v1, https://goo.gl/fbAQLP

exports[` 1`] = `
[
  "HR",
  "PWR",
  "FE",
  "CAD",
  "SPD",
  "SC",
]
`;

exports[`utils getBrand All IDs until 287 1`] = `
[
  undefined,
  "garmin_fr405_antfs",
  "Dayton",
  "SRM",
  "ibike",
  "spark_hk",
  "echowell",
  "Nautilus",
  "Timex",
  "Xelic",
  "Cardiosport",
  "Hmm",
  "Thita Elektronik",
  "Clean Mobile",
  "Peaksware",
  "Lemond Fitness",
  "Wahoo",
  "Archinoetics",
  "Citizen Systems",
  "Osynce",
  "Concept2",
  "One Giant Leap",
  "Brim Brothers",
  "Perception Digital",
  "Pioneer",
  "Metalogics",
  "Seiko",
  "Ifor Powell",
  "Star rac",
  "Alatech",
  "Rotor",
  "Id Bike",
  "Wtek",
  "North Pole",
  "Cateye",
  "Sigma",
  "Peripedal",
  undefined,
  "Moxy",
  "Powerbahn",
  "Lifebeam",
  "Wellgo",
  "Magura",
  "Elite",
  "DK City",
  "Direction",
  "1partcarbon",
  "Sound Of Motion",
  "icg",
  "Bsx Athletics",
  "Campagnolo",
  "Praxisworks",
  "Topaction",
  "Fitcare",
  "Giant",
  "Salutron",
  "Bryton",
  "Soaring",
  "Thinkrider",
  "Waterrower",
  "Inpeak",
  "Johnson",
  "Seesense",
  undefined,
  undefined,
  undefined,
  undefined,
  undefined,
  undefined,
  undefined,
  undefined,
  undefined,
  undefined,
  undefined,
  undefined,
  undefined,
  undefined,
  undefined,
  undefined,
  undefined,
  undefined,
  undefined,
  undefined,
  undefined,
  undefined,
  undefined,
  undefined,
  undefined,
  undefined,
  undefined,
  undefined,
  undefined,
  undefined,
  undefined,
  undefined,
  undefined,
  undefined,
  undefined,
  undefined,
  undefined,
  undefined,
  undefined,
  undefined,
  undefined,
  undefined,
  undefined,
  undefined,
  undefined,
  undefined,
  undefined,
  undefined,
  undefined,
  undefined,
  undefined,
  undefined,
  undefined,
  undefined,
  undefined,
  undefined,
  undefined,
  undefined,
  undefined,
  undefined,
  undefined,
  undefined,
  undefined,
  undefined,
  undefined,
  undefined,
  "Lezyne",
  "Zwift",
  "Recon",
  "Dynovelo",
  "Precor",
  "Sram",
  "Cobi",
  "Mio Magellan",
  "Sensitivus Gauge",
  "Life Time Fitness",
  "Minoura",
  "Luxottica",
  "The Sufferfest",
  "Virtualtraining",
  "Omata",
]
`;

exports[`utils getBrand known Ids 1`] = `
[
  "Garmin",
  "Timex",
  "Suunto",
  "Seiko",
  "Seiko",
  "Sigma",
  "Polar",
  "VDO",
  "Wahoo",
  "Elite",
  "Tacx",
]
`;
